[MCTS] Results will be written to: /home/jrtandel/transchema/Langraph/results_langraph/mcts_github_partial_l4_qwen3_32b_c55-59/mcts_github_partial_l4_qwen3_32b_c55-59_20260711_202232/results_summary.csv

[MCTS] === length=4  id=55 ===
get column map
get column map
[MCTS] Case 55 TIMED OUT after 600s — killing
THEY ARE OF DIFFERNET LENGTH:  468 506
THEY ARE OF SAME LENGTH:  506 506
didn't find corresponding columns for WhereFought
[two-phase mcts timeout] is_correct: training=False → test=False
[MCTS] Case 55 timeout-recovered: is_correct=False, best_score=0.8372
[MCTS] CSV updated: /home/jrtandel/transchema/Langraph/results_langraph/mcts_github_partial_l4_qwen3_32b_c55-59/mcts_github_partial_l4_qwen3_32b_c55-59_20260711_202232/results_summary.csv

[MCTS] === length=4  id=56 ===
get column map
[MCTS] Case 56 TIMED OUT after 600s — killing
[MCTS] CSV updated: /home/jrtandel/transchema/Langraph/results_langraph/mcts_github_partial_l4_qwen3_32b_c55-59/mcts_github_partial_l4_qwen3_32b_c55-59_20260711_202232/results_summary.csv

[MCTS] === length=4  id=57 ===
get column map
get column map
[MCTS] Case 57 TIMED OUT after 600s — killing
THEY ARE OF DIFFERNET LENGTH:  468 34
THEY ARE OF DIFFERNET LENGTH:  506 34
[two-phase mcts timeout] is_correct: training=False → test=False
[MCTS] Case 57 timeout-recovered: is_correct=False, best_score=0.5753
[MCTS] CSV updated: /home/jrtandel/transchema/Langraph/results_langraph/mcts_github_partial_l4_qwen3_32b_c55-59/mcts_github_partial_l4_qwen3_32b_c55-59_20260711_202232/results_summary.csv

[MCTS] === length=4  id=58 ===
get column map
get column map
[MCTS] Case 58 TIMED OUT after 600s — killing
THEY ARE OF DIFFERNET LENGTH:  468 506
THEY ARE OF SAME LENGTH:  506 506
didn't find corresponding columns for TransTo
[two-phase mcts timeout] is_correct: training=False → test=False
[MCTS] Case 58 timeout-recovered: is_correct=False, best_score=0.7982
[MCTS] CSV updated: /home/jrtandel/transchema/Langraph/results_langraph/mcts_github_partial_l4_qwen3_32b_c55-59/mcts_github_partial_l4_qwen3_32b_c55-59_20260711_202232/results_summary.csv

[MCTS] === length=4  id=59 ===
get column map
get column map
[MCTS] Case 59 TIMED OUT after 600s — killing
THEY ARE OF SAME LENGTH:  32 32
didn't find corresponding columns for N.°
THEY ARE OF SAME LENGTH:  32 32
map_num = 1 MATCHED
[two-phase mcts timeout] is_correct: training=False → test=True
[MCTS] Case 59 timeout-recovered: is_correct=True, best_score=0.9136
[MCTS] CSV updated: /home/jrtandel/transchema/Langraph/results_langraph/mcts_github_partial_l4_qwen3_32b_c55-59/mcts_github_partial_l4_qwen3_32b_c55-59_20260711_202232/results_summary.csv

[MCTS] === Summary ===
  id=55: None
  id=56: None
  id=57: None
  id=58: None
  id=59: None

[MCTS] Results CSV: /home/jrtandel/transchema/Langraph/results_langraph/mcts_github_partial_l4_qwen3_32b_c55-59/mcts_github_partial_l4_qwen3_32b_c55-59_20260711_202232/results_summary.csv
