[MCTS] Results will be written to: /home/jrtandel/transchema/Langraph/results_langraph/mcts_github_partial_l9_qwen3_32b_c20-24/mcts_github_partial_l9_qwen3_32b_c20-24_20260711_205341/results_summary.csv

[MCTS] === length=9  id=20 ===
[MCTS] Case 20 TIMED OUT after 600s — killing
[MCTS] CSV updated: /home/jrtandel/transchema/Langraph/results_langraph/mcts_github_partial_l9_qwen3_32b_c20-24/mcts_github_partial_l9_qwen3_32b_c20-24_20260711_205341/results_summary.csv

[MCTS] === length=9  id=21 ===
get column map
get column map
[MCTS] Case 21 TIMED OUT after 600s — killing
THEY ARE OF DIFFERNET LENGTH:  500 1000
THEY ARE OF DIFFERNET LENGTH:  500 1000
[two-phase mcts timeout] is_correct: training=False → test=False
[MCTS] Case 21 timeout-recovered: is_correct=False, best_score=0.7430
[MCTS] CSV updated: /home/jrtandel/transchema/Langraph/results_langraph/mcts_github_partial_l9_qwen3_32b_c20-24/mcts_github_partial_l9_qwen3_32b_c20-24_20260711_205341/results_summary.csv

[MCTS] === length=9  id=22 ===
get column map
[MCTS] Case 22 TIMED OUT after 600s — killing
[MCTS] CSV updated: /home/jrtandel/transchema/Langraph/results_langraph/mcts_github_partial_l9_qwen3_32b_c20-24/mcts_github_partial_l9_qwen3_32b_c20-24_20260711_205341/results_summary.csv

[MCTS] === length=9  id=23 ===
get column map
get column map
[MCTS] Case 23 TIMED OUT after 600s — killing
THEY ARE OF DIFFERNET LENGTH:  4674 4161
THEY ARE OF DIFFERNET LENGTH:  4674 4161
[two-phase mcts timeout] is_correct: training=False → test=False
[MCTS] Case 23 timeout-recovered: is_correct=False, best_score=0.8921
[MCTS] CSV updated: /home/jrtandel/transchema/Langraph/results_langraph/mcts_github_partial_l9_qwen3_32b_c20-24/mcts_github_partial_l9_qwen3_32b_c20-24_20260711_205341/results_summary.csv

[MCTS] === length=9  id=24 ===
get column map
get column map
[MCTS] Case 24 TIMED OUT after 600s — killing
THEY ARE OF DIFFERNET LENGTH:  27699 4161
THEY ARE OF DIFFERNET LENGTH:  27699 4161
[two-phase mcts timeout] is_correct: training=False → test=False
[MCTS] Case 24 timeout-recovered: is_correct=False, best_score=0.6085
[MCTS] CSV updated: /home/jrtandel/transchema/Langraph/results_langraph/mcts_github_partial_l9_qwen3_32b_c20-24/mcts_github_partial_l9_qwen3_32b_c20-24_20260711_205341/results_summary.csv

[MCTS] === Summary ===
  id=20: None
  id=21: None
  id=22: None
  id=23: None
  id=24: None

[MCTS] Results CSV: /home/jrtandel/transchema/Langraph/results_langraph/mcts_github_partial_l9_qwen3_32b_c20-24/mcts_github_partial_l9_qwen3_32b_c20-24_20260711_205341/results_summary.csv
