[MCTS] Results will be written to: /home/jrtandel/transchema/Langraph/results_langraph/mcts_github_partial_l1_qwen3_32b_c70-74/mcts_github_partial_l1_qwen3_32b_c70-74_20260711_193119/results_summary.csv

[MCTS] === length=1  id=70 ===
get column map
get column map
get column map
[MCTS] Case 70 TIMED OUT after 600s — killing
THEY ARE OF DIFFERNET LENGTH:  3998 56325
THEY ARE OF SAME LENGTH:  56325 56325
map_num = 1 MATCHED
[two-phase mcts timeout] is_correct: training=False → test=True
[MCTS] Case 70 timeout-recovered: is_correct=True, best_score=0.6744
[MCTS] CSV updated: /home/jrtandel/transchema/Langraph/results_langraph/mcts_github_partial_l1_qwen3_32b_c70-74/mcts_github_partial_l1_qwen3_32b_c70-74_20260711_193119/results_summary.csv

[MCTS] === length=1  id=71 ===
get column map
get column map
[MCTS] Case 71 TIMED OUT after 600s — killing
THEY ARE OF DIFFERNET LENGTH:  7 9
THEY ARE OF SAME LENGTH:  9 9
map_num = 1 MATCHED
[two-phase mcts timeout] is_correct: training=False → test=True
[MCTS] Case 71 timeout-recovered: is_correct=True, best_score=0.7986
[MCTS] CSV updated: /home/jrtandel/transchema/Langraph/results_langraph/mcts_github_partial_l1_qwen3_32b_c70-74/mcts_github_partial_l1_qwen3_32b_c70-74_20260711_193119/results_summary.csv

[MCTS] === length=1  id=72 ===
get column map
get column map
get column map
get column map
[MCTS] Case 72 TIMED OUT after 600s — killing
THEY ARE OF SAME LENGTH:  2 2
map_num = 1 MATCHED
THEY ARE OF SAME LENGTH:  2 2
map_num = 1 MATCHED
[two-phase mcts timeout] is_correct: training=True → test=True
[MCTS] Case 72 timeout-recovered: is_correct=True, best_score=0.9115
[MCTS] CSV updated: /home/jrtandel/transchema/Langraph/results_langraph/mcts_github_partial_l1_qwen3_32b_c70-74/mcts_github_partial_l1_qwen3_32b_c70-74_20260711_193119/results_summary.csv

[MCTS] === length=1  id=73 ===
get column map
get column map
[MCTS] Case 73 TIMED OUT after 600s — killing
THEY ARE OF DIFFERNET LENGTH:  74 75
THEY ARE OF SAME LENGTH:  75 75
map_num = 1 MATCHED
[two-phase mcts timeout] is_correct: training=False → test=True
[MCTS] Case 73 timeout-recovered: is_correct=True, best_score=0.8516
[MCTS] CSV updated: /home/jrtandel/transchema/Langraph/results_langraph/mcts_github_partial_l1_qwen3_32b_c70-74/mcts_github_partial_l1_qwen3_32b_c70-74_20260711_193119/results_summary.csv

[MCTS] === length=1  id=74 ===
get column map
get column map
[MCTS] Case 74 TIMED OUT after 600s — killing
THEY ARE OF DIFFERNET LENGTH:  24025 56326
THEY ARE OF SAME LENGTH:  56326 56326
map_num = 1 MATCHED
[two-phase mcts timeout] is_correct: training=False → test=True
[MCTS] Case 74 timeout-recovered: is_correct=True, best_score=0.5106
[MCTS] CSV updated: /home/jrtandel/transchema/Langraph/results_langraph/mcts_github_partial_l1_qwen3_32b_c70-74/mcts_github_partial_l1_qwen3_32b_c70-74_20260711_193119/results_summary.csv

[MCTS] === Summary ===
  id=70: None
  id=71: None
  id=72: None
  id=73: None
  id=74: None

[MCTS] Results CSV: /home/jrtandel/transchema/Langraph/results_langraph/mcts_github_partial_l1_qwen3_32b_c70-74/mcts_github_partial_l1_qwen3_32b_c70-74_20260711_193119/results_summary.csv
