[MCTS] Results will be written to: /home/jrtandel/transchema/Langraph/results_langraph/mcts_github_partial_l1_qwen3_32b_c55-59/mcts_github_partial_l1_qwen3_32b_c55-59_20260711_191550/results_summary.csv

[MCTS] === length=1  id=55 ===
get column map
get column map
get column map
get column map
[MCTS] Case 55 TIMED OUT after 600s — killing
THEY ARE OF SAME LENGTH:  6583 6583
didn't find corresponding columns for V_GENE
THEY ARE OF SAME LENGTH:  6583 6583
map_num = 1 MATCHED
[two-phase mcts timeout] is_correct: training=False → test=True
[MCTS] Case 55 timeout-recovered: is_correct=True, best_score=0.9980
[MCTS] CSV updated: /home/jrtandel/transchema/Langraph/results_langraph/mcts_github_partial_l1_qwen3_32b_c55-59/mcts_github_partial_l1_qwen3_32b_c55-59_20260711_191550/results_summary.csv

[MCTS] === length=1  id=56 ===
get column map
[MCTS] Case 56 TIMED OUT after 600s — killing
[MCTS] CSV updated: /home/jrtandel/transchema/Langraph/results_langraph/mcts_github_partial_l1_qwen3_32b_c55-59/mcts_github_partial_l1_qwen3_32b_c55-59_20260711_191550/results_summary.csv

[MCTS] === length=1  id=57 ===
get column map
get column map
[MCTS] Case 57 TIMED OUT after 600s — killing
THEY ARE OF DIFFERNET LENGTH:  5145 6618
THEY ARE OF SAME LENGTH:  6618 6618
map_num = 1 MATCHED
[two-phase mcts timeout] is_correct: training=False → test=True
[MCTS] Case 57 timeout-recovered: is_correct=True, best_score=0.9341
[MCTS] CSV updated: /home/jrtandel/transchema/Langraph/results_langraph/mcts_github_partial_l1_qwen3_32b_c55-59/mcts_github_partial_l1_qwen3_32b_c55-59_20260711_191550/results_summary.csv

[MCTS] === length=1  id=58 ===
get column map
get column map
get column map
get column map
[MCTS] Case 58 TIMED OUT after 600s — killing
THEY ARE OF DIFFERNET LENGTH:  26 25
THEY ARE OF SAME LENGTH:  25 25
map_num = 1 MATCHED
[two-phase mcts timeout] is_correct: training=False → test=True
[MCTS] Case 58 timeout-recovered: is_correct=True, best_score=0.9220
[MCTS] CSV updated: /home/jrtandel/transchema/Langraph/results_langraph/mcts_github_partial_l1_qwen3_32b_c55-59/mcts_github_partial_l1_qwen3_32b_c55-59_20260711_191550/results_summary.csv

[MCTS] === length=1  id=59 ===
get column map
get column map
get column map
get column map
[MCTS] Case 59 TIMED OUT after 600s — killing
THEY ARE OF SAME LENGTH:  7 7
didn't find corresponding columns for SALES
THEY ARE OF SAME LENGTH:  7 7
map_num = 1 MATCHED
[two-phase mcts timeout] is_correct: training=False → test=True
[MCTS] Case 59 timeout-recovered: is_correct=True, best_score=0.9124
[MCTS] CSV updated: /home/jrtandel/transchema/Langraph/results_langraph/mcts_github_partial_l1_qwen3_32b_c55-59/mcts_github_partial_l1_qwen3_32b_c55-59_20260711_191550/results_summary.csv

[MCTS] === Summary ===
  id=55: None
  id=56: None
  id=57: None
  id=58: None
  id=59: None

[MCTS] Results CSV: /home/jrtandel/transchema/Langraph/results_langraph/mcts_github_partial_l1_qwen3_32b_c55-59/mcts_github_partial_l1_qwen3_32b_c55-59_20260711_191550/results_summary.csv
