[MCTS] Results will be written to: /home/jrtandel/transchema/Langraph/results_langraph/mcts_github_partial_l9_qwen3_32b_c75-79/mcts_github_partial_l9_qwen3_32b_c75-79_20260711_211328/results_summary.csv

[MCTS] === length=9  id=75 ===
get column map
get column map
Exception: module 'pandas' has no attribute 'com'
get column map
[MCTS] Case 75 TIMED OUT after 600s — killing
THEY ARE OF SAME LENGTH:  28601 28601
didn't find corresponding columns for anime_id
THEY ARE OF SAME LENGTH:  28601 28601
map_num = 1 MATCHED
[two-phase mcts timeout] is_correct: training=False → test=True
[MCTS] Case 75 timeout-recovered: is_correct=True, best_score=0.7914
[MCTS] CSV updated: /home/jrtandel/transchema/Langraph/results_langraph/mcts_github_partial_l9_qwen3_32b_c75-79/mcts_github_partial_l9_qwen3_32b_c75-79_20260711_211328/results_summary.csv

[MCTS] === length=9  id=76 ===
get column map
get column map
get column map
get column map
get column map
[MCTS] Case 76 TIMED OUT after 600s — killing
THEY ARE OF SAME LENGTH:  39 39
didn't find corresponding columns for members
THEY ARE OF SAME LENGTH:  39 39
didn't find corresponding columns for members
[two-phase mcts timeout] is_correct: training=False → test=False
[MCTS] Case 76 timeout-recovered: is_correct=False, best_score=0.9928
[MCTS] CSV updated: /home/jrtandel/transchema/Langraph/results_langraph/mcts_github_partial_l9_qwen3_32b_c75-79/mcts_github_partial_l9_qwen3_32b_c75-79_20260711_211328/results_summary.csv

[MCTS] === length=9  id=77 ===
get column map
get column map
get column map
get column map
get column map
[MCTS] Case 77 TIMED OUT after 600s — killing
THEY ARE OF SAME LENGTH:  28601 28601
didn't find corresponding columns for anime_id
THEY ARE OF SAME LENGTH:  28601 28601
didn't find corresponding columns for anime_id
[two-phase mcts timeout] is_correct: training=False → test=False
[MCTS] Case 77 timeout-recovered: is_correct=False, best_score=0.8984
[MCTS] CSV updated: /home/jrtandel/transchema/Langraph/results_langraph/mcts_github_partial_l9_qwen3_32b_c75-79/mcts_github_partial_l9_qwen3_32b_c75-79_20260711_211328/results_summary.csv

[MCTS] === length=9  id=78 ===
get column map
get column map
get column map
get column map
get column map
[MCTS] Case 78 TIMED OUT after 600s — killing
THEY ARE OF SAME LENGTH:  55518 55518
didn't find corresponding columns for transaction_datetime
THEY ARE OF SAME LENGTH:  55518 55518
map_num = 1 MATCHED
[two-phase mcts timeout] is_correct: training=False → test=True
[MCTS] Case 78 timeout-recovered: is_correct=True, best_score=0.9270
[MCTS] CSV updated: /home/jrtandel/transchema/Langraph/results_langraph/mcts_github_partial_l9_qwen3_32b_c75-79/mcts_github_partial_l9_qwen3_32b_c75-79_20260711_211328/results_summary.csv

[MCTS] === length=9  id=79 ===
get column map
get column map
get column map
get column map
get column map
get column map
get column map
[MCTS] Case 79 TIMED OUT after 600s — killing
THEY ARE OF SAME LENGTH:  55518 55518
didn't find corresponding columns for transaction_datetime
THEY ARE OF SAME LENGTH:  55518 55518
didn't find corresponding columns for transaction_datetime
[two-phase mcts timeout] is_correct: training=False → test=False
[MCTS] Case 79 timeout-recovered: is_correct=False, best_score=0.9276
[MCTS] CSV updated: /home/jrtandel/transchema/Langraph/results_langraph/mcts_github_partial_l9_qwen3_32b_c75-79/mcts_github_partial_l9_qwen3_32b_c75-79_20260711_211328/results_summary.csv

[MCTS] === Summary ===
  id=75: None
  id=76: None
  id=77: None
  id=78: None
  id=79: None

[MCTS] Results CSV: /home/jrtandel/transchema/Langraph/results_langraph/mcts_github_partial_l9_qwen3_32b_c75-79/mcts_github_partial_l9_qwen3_32b_c75-79_20260711_211328/results_summary.csv
